217.160.202.182 217.160.202.182 - - [24/Sep/2025:00:17:04 -0300] "GET / HTTP/1.1" 200 9033 "-" "Mozilla/5.0 (Windows NT 10.0; Win64; x64) AppleWebKit/537.36 (KHTML, like Gecko) Chrome/91.0.4472.114 Safari/537.36 Edg/91.0.864.54"
179.43.161.130 179.43.161.130 - - [24/Sep/2025:00:21:45 -0300] "GET / HTTP/1.1" 200 9033 "127.0.0.1" "Go-http-client/1.1"
179.43.161.130 179.43.161.130 - - [24/Sep/2025:00:21:45 -0300] "GET /param[]=0 HTTP/1.1" 404 6901 "127.0.0.1" "Mozilla/5.0 (Knoppix; Linux x86_64) AppleWebKit/537.36 (KHTML, like Gecko) Chrome/134.0.0.0 Safari/537.36"
179.43.161.130 179.43.161.130 - - [24/Sep/2025:00:21:45 -0300] "POST / HTTP/1.1" 405 825 "127.0.0.1" "Mozilla/5.0 (X11; Linux x86_64) AppleWebKit/537.36 (KHTML, like Gecko) Chrome/127.0.0.0 Safari/537.36"
179.43.161.130 179.43.161.130 - - [24/Sep/2025:00:24:04 -0300] "GET / HTTP/1.1" 200 9033 "127.0.0.1" "Mozilla/5.0 (Ubuntu; Linux i686; rv:129.0) Gecko/20100101 Firefox/129.0"
179.43.161.130 179.43.161.130 - - [24/Sep/2025:00:24:05 -0300] "GET ///////this-should-not-exist,.%3C%3E%21@ HTTP/1.1" 404 6901 "127.0.0.1" "Mozilla/5.0 (Kubuntu; Linux x86_64) AppleWebKit/537.36 (KHTML, like Gecko) Chrome/125.0.0.0 Safari/537.36"
185.39.19.43 185.39.19.43 - - [24/Sep/2025:00:55:35 -0300] "GET / HTTP/1.0" 200 9033 "http://armalegalfaspm.com/" "Mozilla/5.0 (Windows NT 10.0; Win64; x64) AppleWebKit/537.36 (KHTML, like Gecko) Chrome/129.0.0.0 Safari/537.36"
172.96.172.188 172.96.172.188 - - [24/Sep/2025:01:01:27 -0300] "GET /.env HTTP/1.1" 404 6901 "-" "Mozilla/5.0 (X11; Linux x86_64) AppleWebKit/537.36 (KHTML, like Gecko) Chrome/81.0.4044.129 Safari/537.36"
172.96.172.188 172.96.172.188 - - [24/Sep/2025:01:01:33 -0300] "POST / HTTP/1.1" 405 825 "-" "Mozilla/5.0 (X11; Linux x86_64) AppleWebKit/537.36 (KHTML, like Gecko) Chrome/81.0.4044.129 Safari/537.36"
- 172.96.172.188 - - [24/Sep/2025:01:01:40 -0300] "GET /.env HTTP/1.1" 404 6902 "-" "Mozilla/5.0 (X11; Linux x86_64) AppleWebKit/537.36 (KHTML, like Gecko) Chrome/81.0.4044.129 Safari/537.36"
- 172.96.172.188 - - [24/Sep/2025:01:01:45 -0300] "POST / HTTP/1.1" 405 825 "-" "Mozilla/5.0 (X11; Linux x86_64) AppleWebKit/537.36 (KHTML, like Gecko) Chrome/81.0.4044.129 Safari/537.36"
179.43.161.130 179.43.161.130 - - [24/Sep/2025:01:05:01 -0300] "POST /_ignition/execute-solution HTTP/1.1" 404 21 "127.0.0.1" "Mozilla/5.0 (Windows NT 10.0; Win64; x64; rv:109.0) Gecko/20100101 Firefox/114.0"
179.43.161.130 179.43.161.130 - - [24/Sep/2025:01:05:02 -0300] "POST /_ignition/execute-solution HTTP/1.1" 404 21 "127.0.0.1" "Mozilla/5.0 (Macintosh; Intel Mac OS X 10_15_6) AppleWebKit/605.1.15 (KHTML, like Gecko) Version/15.6.1 Safari/605.1.15"
179.43.161.130 179.43.161.130 - - [24/Sep/2025:01:05:03 -0300] "POST /_ignition/execute-solution HTTP/1.1" 404 21 "127.0.0.1" "Mozilla/5.0 (Knoppix; Linux i686; rv:123.0) Gecko/20100101 Firefox/123.0"
179.43.161.130 179.43.161.130 - - [24/Sep/2025:01:05:03 -0300] "POST /_ignition/execute-solution HTTP/1.1" 404 21 "127.0.0.1" "Mozilla/5.0 (Kubuntu; Linux i686; rv:133.0) Gecko/20100101 Firefox/133.0"
179.43.161.130 179.43.161.130 - - [24/Sep/2025:01:05:04 -0300] "POST /_ignition/execute-solution HTTP/1.1" 404 21 "127.0.0.1" "Mozilla/5.0 (Macintosh, Intel Mac OS X 10_15_7) AppleWebKit/605.1.15 (KHTML, like Gecko) Version/17.5 Safari/605.1.15"
179.43.161.130 179.43.161.130 - - [24/Sep/2025:01:05:04 -0300] "POST /_ignition/execute-solution HTTP/1.1" 404 21 "127.0.0.1" "Mozilla/5.0 (Debian; Linux x86_64; rv:132.0) Gecko/20100101 Firefox/132.0"
- 66.249.79.35 - - [24/Sep/2025:02:16:35 -0300] "GET /robots.txt HTTP/1.1" 200 24 "-" "Mozilla/5.0 (compatible; Googlebot/2.1; +http://www.google.com/bot.html)"
- 66.249.79.33 - - [24/Sep/2025:02:16:35 -0300] "GET / HTTP/1.1" 200 9103 "-" "Mozilla/5.0 (compatible; Googlebot/2.1; +http://www.google.com/bot.html)"
- 66.249.79.35 - - [24/Sep/2025:02:16:37 -0300] "GET / HTTP/1.1" 200 9103 "-" "Mozilla/5.0 (Linux; Android 6.0.1; Nexus 5X Build/MMB29P) AppleWebKit/537.36 (KHTML, like Gecko) Chrome/99.0.4844.84 Mobile Safari/537.36 (compatible; Googlebot/2.1; +http://www.google.com/bot.html)"
- 66.249.79.33 - - [24/Sep/2025:02:16:39 -0300] "GET /build/assets/app-ffa2faf6.js HTTP/1.1" 200 101695 "-" "Mozilla/5.0 (Linux; Android 6.0.1; Nexus 5X Build/MMB29P) AppleWebKit/537.36 (KHTML, like Gecko) Chrome/139.0.7258.127 Mobile Safari/537.36 (compatible; Googlebot/2.1; +http://www.google.com/bot.html)"
- 66.249.79.34 - - [24/Sep/2025:02:16:41 -0300] "GET /build/assets/app-ffa2faf6.js HTTP/1.1" 200 101695 "-" "Mozilla/5.0 AppleWebKit/537.36 (KHTML, like Gecko; compatible; Googlebot/2.1; +http://www.google.com/bot.html) Chrome/139.0.7258.127 Safari/537.36"
- 66.249.79.34 - - [24/Sep/2025:02:16:42 -0300] "GET /livewire/livewire.js?id=90730a3b0e7144480175 HTTP/1.1" 200 174819 "https://www.armalegalfaspm.com/" "Mozilla/5.0 AppleWebKit/537.36 (KHTML, like Gecko; compatible; Googlebot/2.1; +http://www.google.com/bot.html) Chrome/139.0.7258.127 Safari/537.36"
- 66.249.79.33 - - [24/Sep/2025:02:16:43 -0300] "GET /build/assets/app-e8a8ceaf.css HTTP/1.1" 200 52518 "https://www.armalegalfaspm.com/" "Mozilla/5.0 (Linux; Android 6.0.1; Nexus 5X Build/MMB29P) AppleWebKit/537.36 (KHTML, like Gecko) Chrome/139.0.7258.127 Mobile Safari/537.36 (compatible; Googlebot/2.1; +http://www.google.com/bot.html)"
- 66.249.79.33 - - [24/Sep/2025:02:16:45 -0300] "GET /build/assets/app-e8a8ceaf.css HTTP/1.1" 200 52518 "https://www.armalegalfaspm.com/" "Mozilla/5.0 AppleWebKit/537.36 (KHTML, like Gecko; compatible; Googlebot/2.1; +http://www.google.com/bot.html) Chrome/139.0.7258.127 Safari/537.36"
- 66.249.79.33 - - [24/Sep/2025:02:16:46 -0300] "GET /livewire/livewire.js?id=90730a3b0e7144480175 HTTP/1.1" 200 174819 "https://www.armalegalfaspm.com/" "Mozilla/5.0 (Linux; Android 6.0.1; Nexus 5X Build/MMB29P) AppleWebKit/537.36 (KHTML, like Gecko) Chrome/139.0.7258.127 Mobile Safari/537.36 (compatible; Googlebot/2.1; +http://www.google.com/bot.html)"
- 66.249.79.33 - - [24/Sep/2025:02:16:49 -0300] "GET /Imgs/armaLegal.ico HTTP/1.1" 200 22820 "-" "Googlebot-Image/1.0"
- 66.249.79.33 - - [24/Sep/2025:02:16:50 -0300] "GET /favicon.ico HTTP/1.1" 200 - "-" "Googlebot-Image/1.0"
- 66.249.79.225 - - [24/Sep/2025:02:24:19 -0300] "GET / HTTP/1.1" 200 9047 "-" "Mozilla/5.0 (compatible; Googlebot/2.1; +http://www.google.com/bot.html)"
- 66.249.79.224 - - [24/Sep/2025:02:24:21 -0300] "GET / HTTP/1.1" 200 9047 "-" "Mozilla/5.0 (Linux; Android 6.0.1; Nexus 5X Build/MMB29P) AppleWebKit/537.36 (KHTML, like Gecko) Chrome/99.0.4844.84 Mobile Safari/537.36 (compatible; Googlebot/2.1; +http://www.google.com/bot.html)"
- 66.249.79.225 - - [24/Sep/2025:02:24:22 -0300] "GET /favicon.ico HTTP/1.1" 200 - "-" "Googlebot-Image/1.0"
- 66.249.79.224 - - [24/Sep/2025:02:24:24 -0300] "GET /Imgs/armaLegal.ico HTTP/1.1" 200 22820 "-" "Googlebot-Image/1.0"
223.15.245.170 223.15.245.170 - - [24/Sep/2025:02:28:34 -0300] "GET / HTTP/1.1" 200 9089 "-" "Mozilla/5.0 (iPhone; CPU iPhone OS 13_2_3 like Mac OS X) AppleWebKit/605.1.15 (KHTML, like Gecko) Version/13.0.3 Mobile/15E148 Safari/604.1"
43.130.141.193 43.130.141.193 - - [24/Sep/2025:02:44:04 -0300] "GET / HTTP/1.1" 200 9089 "-" "Mozilla/5.0 (iPhone; CPU iPhone OS 13_2_3 like Mac OS X) AppleWebKit/605.1.15 (KHTML, like Gecko) Version/13.0.3 Mobile/15E148 Safari/604.1"
- 62.60.131.81 - - [24/Sep/2025:03:24:16 -0300] "GET / HTTP/1.1" 403 9047 "-" "Mozilla/5.0 zgrab/0.x"
43.166.242.189 43.166.242.189 - - [24/Sep/2025:03:33:28 -0300] "GET / HTTP/1.1" 200 9033 "-" "Mozilla/5.0 (iPhone; CPU iPhone OS 13_2_3 like Mac OS X) AppleWebKit/605.1.15 (KHTML, like Gecko) Version/13.0.3 Mobile/15E148 Safari/604.1"
94.191.43.82 94.191.43.82 - - [24/Sep/2025:06:16:02 -0300] "GET / HTTP/1.1" 200 9033 "http://armalegalfaspm.com" "Mozilla/5.0 (iPhone; CPU iPhone OS 13_2_3 like Mac OS X) AppleWebKit/605.1.15 (KHTML, like Gecko) Version/13.0.3 Mobile/15E148 Safari/604.1"
43.167.239.66 43.167.239.66 - - [24/Sep/2025:08:18:15 -0300] "GET / HTTP/1.1" 200 9089 "-" "Mozilla/5.0 (iPhone; CPU iPhone OS 13_2_3 like Mac OS X) AppleWebKit/605.1.15 (KHTML, like Gecko) Version/13.0.3 Mobile/15E148 Safari/604.1"
43.130.40.120 43.130.40.120 - - [24/Sep/2025:09:06:36 -0300] "GET / HTTP/1.1" 200 9033 "-" "Mozilla/5.0 (iPhone; CPU iPhone OS 13_2_3 like Mac OS X) AppleWebKit/605.1.15 (KHTML, like Gecko) Version/13.0.3 Mobile/15E148 Safari/604.1"
- 104.210.140.141 - - [24/Sep/2025:09:30:11 -0300] "GET /robots.txt HTTP/1.1" 200 24 "-" "Mozilla/5.0 (Macintosh; Intel Mac OS X 10_15_7) AppleWebKit/537.36 (KHTML, like Gecko) Chrome/131.0.0.0 Safari/537.36; compatible; OAI-SearchBot/1.0; +https://openai.com/searchbot"
119.45.20.16 119.45.20.16 - - [24/Sep/2025:10:06:04 -0300] "GET / HTTP/1.1" 200 9089 "-" "Mozilla/5.0 (iPhone; CPU iPhone OS 13_2_3 like Mac OS X) AppleWebKit/605.1.15 (KHTML, like Gecko) Version/13.0.3 Mobile/15E148 Safari/604.1"
- 77.238.230.6 - - [24/Sep/2025:10:07:46 -0300] "GET / HTTP/1.1" 200 9047 "-" "Mozilla/5.0 (Macintosh; Intel Mac OS X 10_15_7) AppleWebKit/537.36 (KHTML, like Gecko) Chrome/133.0.0.0 Safari/537.36"
- 149.78.117.6 - - [24/Sep/2025:11:27:41 -0300] "GET / HTTP/1.1" 200 9047 "-" "Mozilla/5.0 (Windows NT 10.0; Win64; x64) AppleWebKit/537.36 (KHTML, like Gecko) Chrome/140.0.0.0 Safari/537.36"
- 149.78.117.6 - - [24/Sep/2025:11:53:02 -0300] "GET /admin/login HTTP/1.1" 200 5337 "-" "Mozilla/5.0 (Windows NT 10.0; Win64; x64) AppleWebKit/537.36 (KHTML, like Gecko) Chrome/140.0.0.0 Safari/537.36"
- 149.78.117.6 - - [24/Sep/2025:11:53:03 -0300] "GET /js/app.js HTTP/1.1" 404 6902 "https://armalegalfaspm.com/admin/login" "Mozilla/5.0 (Windows NT 10.0; Win64; x64) AppleWebKit/537.36 (KHTML, like Gecko) Chrome/140.0.0.0 Safari/537.36"
- 149.78.117.6 - - [24/Sep/2025:11:53:03 -0300] "GET /imgs/arma.ico HTTP/1.1" 404 6902 "https://armalegalfaspm.com/admin/login" "Mozilla/5.0 (Windows NT 10.0; Win64; x64) AppleWebKit/537.36 (KHTML, like Gecko) Chrome/140.0.0.0 Safari/537.36"
- 149.78.117.6 - - [24/Sep/2025:11:53:08 -0300] "POST /admin/login HTTP/1.1" 302 394 "https://armalegalfaspm.com/admin/login" "Mozilla/5.0 (Windows NT 10.0; Win64; x64) AppleWebKit/537.36 (KHTML, like Gecko) Chrome/140.0.0.0 Safari/537.36"
- 149.78.117.6 - - [24/Sep/2025:11:53:08 -0300] "GET /admin/home HTTP/1.1" 200 41075 "https://armalegalfaspm.com/admin/login" "Mozilla/5.0 (Windows NT 10.0; Win64; x64) AppleWebKit/537.36 (KHTML, like Gecko) Chrome/140.0.0.0 Safari/537.36"
- 149.78.117.6 - - [24/Sep/2025:11:53:09 -0300] "GET /Imgs/header.jpg HTTP/1.1" 200 339863 "https://armalegalfaspm.com/admin/home" "Mozilla/5.0 (Windows NT 10.0; Win64; x64) AppleWebKit/537.36 (KHTML, like Gecko) Chrome/140.0.0.0 Safari/537.36"
- 149.78.117.6 - - [24/Sep/2025:11:53:10 -0300] "GET /Imgs/arma.ico HTTP/1.1" 200 16131 "https://armalegalfaspm.com/admin/home" "Mozilla/5.0 (Windows NT 10.0; Win64; x64) AppleWebKit/537.36 (KHTML, like Gecko) Chrome/140.0.0.0 Safari/537.36"
- 149.78.117.6 - - [24/Sep/2025:11:53:14 -0300] "GET /admin/catalogo HTTP/1.1" 200 18907 "https://armalegalfaspm.com/admin/home" "Mozilla/5.0 (Windows NT 10.0; Win64; x64) AppleWebKit/537.36 (KHTML, like Gecko) Chrome/140.0.0.0 Safari/537.36"
- 149.78.117.6 - - [24/Sep/2025:11:53:14 -0300] "GET /Imgs/soldado.jpg HTTP/1.1" 200 466955 "https://armalegalfaspm.com/admin/catalogo" "Mozilla/5.0 (Windows NT 10.0; Win64; x64) AppleWebKit/537.36 (KHTML, like Gecko) Chrome/140.0.0.0 Safari/537.36"
- 149.78.117.6 - - [24/Sep/2025:11:53:15 -0300] "GET /Imgs/cbc.png HTTP/1.1" 200 13007 "https://armalegalfaspm.com/admin/catalogo" "Mozilla/5.0 (Windows NT 10.0; Win64; x64) AppleWebKit/537.36 (KHTML, like Gecko) Chrome/140.0.0.0 Safari/537.36"
- 149.78.117.6 - - [24/Sep/2025:11:53:15 -0300] "GET /Imgs/taurus.png HTTP/1.1" 200 19199 "https://armalegalfaspm.com/admin/catalogo" "Mozilla/5.0 (Windows NT 10.0; Win64; x64) AppleWebKit/537.36 (KHTML, like Gecko) Chrome/140.0.0.0 Safari/537.36"
- 149.78.117.6 - - [24/Sep/2025:11:53:15 -0300] "GET /Imgs/glock.png HTTP/1.1" 200 15298 "https://armalegalfaspm.com/admin/catalogo" "Mozilla/5.0 (Windows NT 10.0; Win64; x64) AppleWebKit/537.36 (KHTML, like Gecko) Chrome/140.0.0.0 Safari/537.36"
- 149.78.117.6 - - [24/Sep/2025:11:53:52 -0300] "GET /admin/arma HTTP/1.1" 200 56117 "https://armalegalfaspm.com/admin/home" "Mozilla/5.0 (Windows NT 10.0; Win64; x64) AppleWebKit/537.36 (KHTML, like Gecko) Chrome/140.0.0.0 Safari/537.36"
- 149.78.117.6 - - [24/Sep/2025:11:53:53 -0300] "GET /favicon.ico HTTP/1.1" 200 - "https://armalegalfaspm.com/admin/arma" "Mozilla/5.0 (Windows NT 10.0; Win64; x64) AppleWebKit/537.36 (KHTML, like Gecko) Chrome/140.0.0.0 Safari/537.36"
- 149.78.117.6 - - [24/Sep/2025:11:54:31 -0300] "POST /admin/arma HTTP/1.1" 200 58209 "https://armalegalfaspm.com/admin/arma" "Mozilla/5.0 (Windows NT 10.0; Win64; x64) AppleWebKit/537.36 (KHTML, like Gecko) Chrome/140.0.0.0 Safari/537.36"
- 149.78.117.6 - - [24/Sep/2025:11:54:37 -0300] "GET /admin/listadearmas HTTP/1.1" 200 220512 "https://armalegalfaspm.com/admin/arma" "Mozilla/5.0 (Windows NT 10.0; Win64; x64) AppleWebKit/537.36 (KHTML, like Gecko) Chrome/140.0.0.0 Safari/537.36"
- 149.78.117.6 - - [24/Sep/2025:11:58:04 -0300] "GET /admin/editarArma/10 HTTP/1.1" 200 18473 "https://armalegalfaspm.com/admin/listadearmas" "Mozilla/5.0 (Windows NT 10.0; Win64; x64) AppleWebKit/537.36 (KHTML, like Gecko) Chrome/140.0.0.0 Safari/537.36"
- 149.78.117.6 - - [24/Sep/2025:11:58:19 -0300] "POST /admin/editarArma HTTP/1.1" 302 394 "https://armalegalfaspm.com/admin/editarArma/10" "Mozilla/5.0 (Windows NT 10.0; Win64; x64) AppleWebKit/537.36 (KHTML, like Gecko) Chrome/140.0.0.0 Safari/537.36"
- 149.78.117.6 - - [24/Sep/2025:11:58:20 -0300] "GET /admin/arma HTTP/1.1" 200 57982 "https://armalegalfaspm.com/admin/editarArma/10" "Mozilla/5.0 (Windows NT 10.0; Win64; x64) AppleWebKit/537.36 (KHTML, like Gecko) Chrome/140.0.0.0 Safari/537.36"
- 149.78.117.6 - - [24/Sep/2025:11:58:32 -0300] "GET /admin/catalogo HTTP/1.1" 200 21119 "https://armalegalfaspm.com/admin/arma" "Mozilla/5.0 (Windows NT 10.0; Win64; x64) AppleWebKit/537.36 (KHTML, like Gecko) Chrome/140.0.0.0 Safari/537.36"
- 149.78.117.6 - - [24/Sep/2025:11:59:02 -0300] "GET /admin/listadearmas HTTP/1.1" 200 220514 "https://armalegalfaspm.com/admin/arma" "Mozilla/5.0 (Windows NT 10.0; Win64; x64) AppleWebKit/537.36 (KHTML, like Gecko) Chrome/140.0.0.0 Safari/537.36"
- 149.78.117.6 - - [24/Sep/2025:11:59:17 -0300] "GET /admin/listadearmas?page=2 HTTP/1.1" 200 220201 "https://armalegalfaspm.com/admin/listadearmas" "Mozilla/5.0 (Windows NT 10.0; Win64; x64) AppleWebKit/537.36 (KHTML, like Gecko) Chrome/140.0.0.0 Safari/537.36"
- 149.78.117.6 - - [24/Sep/2025:11:59:24 -0300] "GET /admin/listadearmas?page=3 HTTP/1.1" 200 220022 "https://armalegalfaspm.com/admin/listadearmas?page=2" "Mozilla/5.0 (Windows NT 10.0; Win64; x64) AppleWebKit/537.36 (KHTML, like Gecko) Chrome/140.0.0.0 Safari/537.36"
- 149.78.117.6 - - [24/Sep/2025:11:59:29 -0300] "GET /admin/listadearmas?page=4 HTTP/1.1" 200 219870 "https://armalegalfaspm.com/admin/listadearmas?page=3" "Mozilla/5.0 (Windows NT 10.0; Win64; x64) AppleWebKit/537.36 (KHTML, like Gecko) Chrome/140.0.0.0 Safari/537.36"
- 149.78.117.6 - - [24/Sep/2025:11:59:35 -0300] "GET /admin/listadearmas?page=5 HTTP/1.1" 200 220028 "https://armalegalfaspm.com/admin/listadearmas?page=4" "Mozilla/5.0 (Windows NT 10.0; Win64; x64) AppleWebKit/537.36 (KHTML, like Gecko) Chrome/140.0.0.0 Safari/537.36"
- 149.78.117.6 - - [24/Sep/2025:11:59:59 -0300] "GET /admin/listadearmas?page=6 HTTP/1.1" 200 220421 "https://armalegalfaspm.com/admin/listadearmas?page=5" "Mozilla/5.0 (Windows NT 10.0; Win64; x64) AppleWebKit/537.36 (KHTML, like Gecko) Chrome/140.0.0.0 Safari/537.36"
- 149.78.117.6 - - [24/Sep/2025:12:00:09 -0300] "GET /admin/listadearmas?page=7 HTTP/1.1" 200 220331 "https://armalegalfaspm.com/admin/listadearmas?page=6" "Mozilla/5.0 (Windows NT 10.0; Win64; x64) AppleWebKit/537.36 (KHTML, like Gecko) Chrome/140.0.0.0 Safari/537.36"
- 149.78.117.6 - - [24/Sep/2025:12:00:26 -0300] "GET /admin/listadearmas?page=6 HTTP/1.1" 200 220421 "https://armalegalfaspm.com/admin/listadearmas?page=7" "Mozilla/5.0 (Windows NT 10.0; Win64; x64) AppleWebKit/537.36 (KHTML, like Gecko) Chrome/140.0.0.0 Safari/537.36"
- 149.78.117.6 - - [24/Sep/2025:12:01:13 -0300] "GET /admin/listadearmas?page=7 HTTP/1.1" 200 220331 "https://armalegalfaspm.com/admin/listadearmas?page=6" "Mozilla/5.0 (Windows NT 10.0; Win64; x64) AppleWebKit/537.36 (KHTML, like Gecko) Chrome/140.0.0.0 Safari/537.36"
- 149.78.117.6 - - [24/Sep/2025:12:01:16 -0300] "GET /admin/listadearmas?page=6 HTTP/1.1" 200 220421 "https://armalegalfaspm.com/admin/listadearmas?page=7" "Mozilla/5.0 (Windows NT 10.0; Win64; x64) AppleWebKit/537.36 (KHTML, like Gecko) Chrome/140.0.0.0 Safari/537.36"
- 149.78.117.6 - - [24/Sep/2025:12:04:59 -0300] "GET /admin/editarArma/114 HTTP/1.1" 200 18536 "https://armalegalfaspm.com/admin/listadearmas?page=6" "Mozilla/5.0 (Windows NT 10.0; Win64; x64) AppleWebKit/537.36 (KHTML, like Gecko) Chrome/140.0.0.0 Safari/537.36"
- 149.78.117.6 - - [24/Sep/2025:12:07:50 -0300] "POST /admin/editarArma HTTP/1.1" 302 394 "https://armalegalfaspm.com/admin/editarArma/114" "Mozilla/5.0 (Windows NT 10.0; Win64; x64) AppleWebKit/537.36 (KHTML, like Gecko) Chrome/140.0.0.0 Safari/537.36"
- 149.78.117.6 - - [24/Sep/2025:12:07:50 -0300] "GET /admin/arma HTTP/1.1" 200 57983 "https://armalegalfaspm.com/admin/editarArma/114" "Mozilla/5.0 (Windows NT 10.0; Win64; x64) AppleWebKit/537.36 (KHTML, like Gecko) Chrome/140.0.0.0 Safari/537.36"
- 149.78.117.6 - - [24/Sep/2025:12:07:56 -0300] "GET /admin/catalogo HTTP/1.1" 200 21078 "https://armalegalfaspm.com/admin/arma" "Mozilla/5.0 (Windows NT 10.0; Win64; x64) AppleWebKit/537.36 (KHTML, like Gecko) Chrome/140.0.0.0 Safari/537.36"
- 149.78.117.6 - - [24/Sep/2025:12:08:17 -0300] "GET /admin/listadearmas HTTP/1.1" 200 220514 "https://armalegalfaspm.com/admin/arma" "Mozilla/5.0 (Windows NT 10.0; Win64; x64) AppleWebKit/537.36 (KHTML, like Gecko) Chrome/140.0.0.0 Safari/537.36"
- 149.78.117.6 - - [24/Sep/2025:12:08:23 -0300] "GET /admin/listadearmas?page=5 HTTP/1.1" 200 220021 "https://armalegalfaspm.com/admin/listadearmas" "Mozilla/5.0 (Windows NT 10.0; Win64; x64) AppleWebKit/537.36 (KHTML, like Gecko) Chrome/140.0.0.0 Safari/537.36"
- 149.78.117.6 - - [24/Sep/2025:12:08:27 -0300] "GET /admin/listadearmas?page=6 HTTP/1.1" 200 220380 "https://armalegalfaspm.com/admin/listadearmas?page=5" "Mozilla/5.0 (Windows NT 10.0; Win64; x64) AppleWebKit/537.36 (KHTML, like Gecko) Chrome/140.0.0.0 Safari/537.36"
179.43.161.130 179.43.161.130 - - [24/Sep/2025:12:14:28 -0300] "GET /.env HTTP/1.1" 404 6901 "127.0.0.1" "Go-http-client/1.1"
179.43.161.130 179.43.161.130 - - [24/Sep/2025:12:14:29 -0300] "GET /env HTTP/1.1" 404 6901 "127.0.0.1" "Go-http-client/1.1"
179.43.161.130 179.43.161.130 - - [24/Sep/2025:12:14:30 -0300] "GET //.env HTTP/1.1" 404 6901 "127.0.0.1" "Go-http-client/1.1"
179.43.161.130 179.43.161.130 - - [24/Sep/2025:12:14:30 -0300] "GET //env HTTP/1.1" 404 6901 "127.0.0.1" "Go-http-client/1.1"
179.43.161.130 179.43.161.130 - - [24/Sep/2025:12:14:31 -0300] "GET /.env.backup HTTP/1.1" 404 6901 "127.0.0.1" "Go-http-client/1.1"
179.43.161.130 179.43.161.130 - - [24/Sep/2025:12:14:31 -0300] "GET /.env.backup.bak HTTP/1.1" 404 6901 "127.0.0.1" "Go-http-client/1.1"
179.43.161.130 179.43.161.130 - - [24/Sep/2025:12:14:32 -0300] "GET /.env.bak HTTP/1.1" 404 6901 "127.0.0.1" "Go-http-client/1.1"
179.43.161.130 179.43.161.130 - - [24/Sep/2025:12:14:33 -0300] "GET /.env.config HTTP/1.1" 404 6901 "127.0.0.1" "Go-http-client/1.1"
179.43.161.130 179.43.161.130 - - [24/Sep/2025:12:14:33 -0300] "GET /.env.debug HTTP/1.1" 404 6901 "127.0.0.1" "Go-http-client/1.1"
179.43.161.130 179.43.161.130 - - [24/Sep/2025:12:14:34 -0300] "GET /.env.dev HTTP/1.1" 404 6901 "127.0.0.1" "Go-http-client/1.1"
179.43.161.130 179.43.161.130 - - [24/Sep/2025:12:14:35 -0300] "GET /.env.dev.local HTTP/1.1" 404 6901 "127.0.0.1" "Go-http-client/1.1"
179.43.161.130 179.43.161.130 - - [24/Sep/2025:12:14:35 -0300] "GET /.env.development HTTP/1.1" 404 6901 "127.0.0.1" "Go-http-client/1.1"
179.43.161.130 179.43.161.130 - - [24/Sep/2025:12:14:36 -0300] "GET /.env.development.local HTTP/1.1" 404 6901 "127.0.0.1" "Go-http-client/1.1"
179.43.161.130 179.43.161.130 - - [24/Sep/2025:12:14:36 -0300] "GET /.env.dist HTTP/1.1" 404 6901 "127.0.0.1" "Go-http-client/1.1"
179.43.161.130 179.43.161.130 - - [24/Sep/2025:12:14:37 -0300] "GET /.env.example HTTP/1.1" 404 6901 "127.0.0.1" "Go-http-client/1.1"
179.43.161.130 179.43.161.130 - - [24/Sep/2025:12:14:38 -0300] "GET /.env.live HTTP/1.1" 404 6901 "127.0.0.1" "Go-http-client/1.1"
179.43.161.130 179.43.161.130 - - [24/Sep/2025:12:14:39 -0300] "GET /.env.local HTTP/1.1" 404 6901 "127.0.0.1" "Go-http-client/1.1"
179.43.161.130 179.43.161.130 - - [24/Sep/2025:12:14:40 -0300] "GET /.env.old HTTP/1.1" 404 6901 "127.0.0.1" "Go-http-client/1.1"
179.43.161.130 179.43.161.130 - - [24/Sep/2025:12:14:40 -0300] "GET /.env.php HTTP/1.1" 404 6901 "127.0.0.1" "Go-http-client/1.1"
179.43.161.130 179.43.161.130 - - [24/Sep/2025:12:14:41 -0300] "GET /.env.prod HTTP/1.1" 404 6901 "127.0.0.1" "Go-http-client/1.1"
179.43.161.130 179.43.161.130 - - [24/Sep/2025:12:14:42 -0300] "GET /.env.prod.local HTTP/1.1" 404 6901 "127.0.0.1" "Go-http-client/1.1"
179.43.161.130 179.43.161.130 - - [24/Sep/2025:12:14:42 -0300] "GET /.env.production HTTP/1.1" 404 6901 "127.0.0.1" "Go-http-client/1.1"
179.43.161.130 179.43.161.130 - - [24/Sep/2025:12:14:43 -0300] "GET /.env.production.local HTTP/1.1" 404 6901 "127.0.0.1" "Go-http-client/1.1"
179.43.161.130 179.43.161.130 - - [24/Sep/2025:12:14:44 -0300] "GET /.env.save HTTP/1.1" 404 6901 "127.0.0.1" "Go-http-client/1.1"
179.43.161.130 179.43.161.130 - - [24/Sep/2025:12:14:44 -0300] "GET /.env.stage HTTP/1.1" 404 6901 "127.0.0.1" "Go-http-client/1.1"
179.43.161.130 179.43.161.130 - - [24/Sep/2025:12:14:45 -0300] "GET /.env.staging HTTP/1.1" 404 6901 "127.0.0.1" "Go-http-client/1.1"
179.43.161.130 179.43.161.130 - - [24/Sep/2025:12:14:45 -0300] "GET /.env.test HTTP/1.1" 404 6901 "127.0.0.1" "Go-http-client/1.1"
179.43.161.130 179.43.161.130 - - [24/Sep/2025:12:14:47 -0300] "GET /.env.testing HTTP/1.1" 404 6901 "127.0.0.1" "Go-http-client/1.1"
179.43.161.130 179.43.161.130 - - [24/Sep/2025:12:14:47 -0300] "GET /.env.www HTTP/1.1" 404 6901 "127.0.0.1" "Go-http-client/1.1"
179.43.161.130 179.43.161.130 - - [24/Sep/2025:12:14:48 -0300] "GET /.env.armalegalfaspm HTTP/1.1" 404 6901 "127.0.0.1" "Go-http-client/1.1"
179.43.161.130 179.43.161.130 - - [24/Sep/2025:12:14:49 -0300] "GET /.env. HTTP/1.1" 404 6901 "127.0.0.1" "Go-http-client/1.1"
179.43.161.130 179.43.161.130 - - [24/Sep/2025:12:14:49 -0300] "GET /.env_1 HTTP/1.1" 404 6901 "127.0.0.1" "Go-http-client/1.1"
179.43.161.130 179.43.161.130 - - [24/Sep/2025:12:14:50 -0300] "GET /.env_sample HTTP/1.1" 404 6901 "127.0.0.1" "Go-http-client/1.1"
179.43.161.130 179.43.161.130 - - [24/Sep/2025:12:14:50 -0300] "GET /.environment HTTP/1.1" 404 6901 "127.0.0.1" "Go-http-client/1.1"
179.43.161.130 179.43.161.130 - - [24/Sep/2025:12:14:51 -0300] "GET /.envrc HTTP/1.1" 404 6901 "127.0.0.1" "Go-http-client/1.1"
179.43.161.130 179.43.161.130 - - [24/Sep/2025:12:14:52 -0300] "GET /.admin.env HTTP/1.1" 404 6901 "127.0.0.1" "Go-http-client/1.1"
179.43.161.130 179.43.161.130 - - [24/Sep/2025:12:14:52 -0300] "GET /.android.env HTTP/1.1" 404 6901 "127.0.0.1" "Go-http-client/1.1"
179.43.161.130 179.43.161.130 - - [24/Sep/2025:12:14:53 -0300] "GET /.api.env HTTP/1.1" 404 6901 "127.0.0.1" "Go-http-client/1.1"
179.43.161.130 179.43.161.130 - - [24/Sep/2025:12:14:54 -0300] "GET /.app.env HTTP/1.1" 404 6901 "127.0.0.1" "Go-http-client/1.1"
179.43.161.130 179.43.161.130 - - [24/Sep/2025:12:14:54 -0300] "GET /env.js HTTP/1.1" 404 6901 "127.0.0.1" "Go-http-client/1.1"
179.43.161.130 179.43.161.130 - - [24/Sep/2025:12:14:55 -0300] "GET /env.prod.js HTTP/1.1" 404 6901 "127.0.0.1" "Go-http-client/1.1"
179.43.161.130 179.43.161.130 - - [24/Sep/2025:12:14:55 -0300] "GET /env.production.js HTTP/1.1" 404 6901 "127.0.0.1" "Go-http-client/1.1"
179.43.161.130 179.43.161.130 - - [24/Sep/2025:12:14:56 -0300] "GET /env/.env HTTP/1.1" 404 6901 "127.0.0.1" "Go-http-client/1.1"
179.43.161.130 179.43.161.130 - - [24/Sep/2025:12:14:57 -0300] "GET /actuator/env HTTP/1.1" 404 6901 "127.0.0.1" "Go-http-client/1.1"
179.43.161.130 179.43.161.130 - - [24/Sep/2025:12:14:57 -0300] "GET /actuators/env HTTP/1.1" 404 6901 "127.0.0.1" "Go-http-client/1.1"
179.43.161.130 179.43.161.130 - - [24/Sep/2025:12:14:58 -0300] "GET /admin/.env HTTP/1.1" 404 6901 "127.0.0.1" "Go-http-client/1.1"
179.43.161.130 179.43.161.130 - - [24/Sep/2025:12:14:58 -0300] "GET /api/.env HTTP/1.1" 404 6901 "127.0.0.1" "Go-http-client/1.1"
179.43.161.130 179.43.161.130 - - [24/Sep/2025:12:14:59 -0300] "GET /api/env HTTP/1.1" 404 6901 "127.0.0.1" "Go-http-client/1.1"
179.43.161.130 179.43.161.130 - - [24/Sep/2025:12:15:00 -0300] "GET /app/.env HTTP/1.1" 404 6901 "127.0.0.1" "Go-http-client/1.1"
179.43.161.130 179.43.161.130 - - [24/Sep/2025:12:15:00 -0300] "GET /archive/.env HTTP/1.1" 404 6901 "127.0.0.1" "Go-http-client/1.1"
179.43.161.130 179.43.161.130 - - [24/Sep/2025:12:15:01 -0300] "GET /backup/.env HTTP/1.1" 404 6901 "127.0.0.1" "Go-http-client/1.1"
179.43.161.130 179.43.161.130 - - [24/Sep/2025:12:15:02 -0300] "GET /backups/.env HTTP/1.1" 404 6901 "127.0.0.1" "Go-http-client/1.1"
179.43.161.130 179.43.161.130 - - [24/Sep/2025:12:15:02 -0300] "GET /blog/.env HTTP/1.1" 404 6901 "127.0.0.1" "Go-http-client/1.1"
179.43.161.130 179.43.161.130 - - [24/Sep/2025:12:15:03 -0300] "GET /conf/.env HTTP/1.1" 404 6901 "127.0.0.1" "Go-http-client/1.1"
179.43.161.130 179.43.161.130 - - [24/Sep/2025:12:15:04 -0300] "GET /conf/.env.* HTTP/1.1" 404 6901 "127.0.0.1" "Go-http-client/1.1"
179.43.161.130 179.43.161.130 - - [24/Sep/2025:12:15:04 -0300] "GET /config/.env HTTP/1.1" 404 6901 "127.0.0.1" "Go-http-client/1.1"
179.43.161.130 179.43.161.130 - - [24/Sep/2025:12:15:05 -0300] "GET /config/.env.* HTTP/1.1" 404 6901 "127.0.0.1" "Go-http-client/1.1"
179.43.161.130 179.43.161.130 - - [24/Sep/2025:12:15:05 -0300] "GET /config/environment.rb HTTP/1.1" 404 6901 "127.0.0.1" "Go-http-client/1.1"
179.43.161.130 179.43.161.130 - - [24/Sep/2025:12:15:06 -0300] "GET /configs/.env HTTP/1.1" 404 6901 "127.0.0.1" "Go-http-client/1.1"
179.43.161.130 179.43.161.130 - - [24/Sep/2025:12:15:07 -0300] "GET /configs/.env.* HTTP/1.1" 404 6901 "127.0.0.1" "Go-http-client/1.1"
179.43.161.130 179.43.161.130 - - [24/Sep/2025:12:15:09 -0300] "GET /core/.env HTTP/1.1" 404 6901 "127.0.0.1" "Go-http-client/1.1"
179.43.161.130 179.43.161.130 - - [24/Sep/2025:12:15:10 -0300] "GET /data/.env HTTP/1.1" 404 6901 "127.0.0.1" "Go-http-client/1.1"
179.43.161.130 179.43.161.130 - - [24/Sep/2025:12:15:11 -0300] "GET /db/.env HTTP/1.1" 404 6901 "127.0.0.1" "Go-http-client/1.1"
179.43.161.130 179.43.161.130 - - [24/Sep/2025:12:15:12 -0300] "GET /dev/.env HTTP/1.1" 404 6901 "127.0.0.1" "Go-http-client/1.1"
179.43.161.130 179.43.161.130 - - [24/Sep/2025:12:15:12 -0300] "GET /env/backup.db HTTP/1.1" 404 6901 "127.0.0.1" "Go-http-client/1.1"
179.43.161.130 179.43.161.130 - - [24/Sep/2025:12:15:13 -0300] "GET /env/config.js HTTP/1.1" 404 6901 "127.0.0.1" "Go-http-client/1.1"
179.43.161.130 179.43.161.130 - - [24/Sep/2025:12:15:14 -0300] "GET /env/config.php HTTP/1.1" 404 6901 "127.0.0.1" "Go-http-client/1.1"
179.43.161.130 179.43.161.130 - - [24/Sep/2025:12:15:14 -0300] "GET /env/db.sql HTTP/1.1" 404 6901 "127.0.0.1" "Go-http-client/1.1"
179.43.161.130 179.43.161.130 - - [24/Sep/2025:12:15:15 -0300] "GET /env/db/db.sql HTTP/1.1" 404 6901 "127.0.0.1" "Go-http-client/1.1"
179.43.161.130 179.43.161.130 - - [24/Sep/2025:12:15:16 -0300] "GET /env/secrets.txt HTTP/1.1" 404 6901 "127.0.0.1" "Go-http-client/1.1"
179.43.161.130 179.43.161.130 - - [24/Sep/2025:12:15:16 -0300] "GET /environment.rb HTTP/1.1" 404 6901 "127.0.0.1" "Go-http-client/1.1"
179.43.161.130 179.43.161.130 - - [24/Sep/2025:12:15:17 -0300] "GET /old/.env HTTP/1.1" 404 6901 "127.0.0.1" "Go-http-client/1.1"
179.43.161.130 179.43.161.130 - - [24/Sep/2025:12:15:18 -0300] "GET /private/.env HTTP/1.1" 404 6901 "127.0.0.1" "Go-http-client/1.1"
179.43.161.130 179.43.161.130 - - [24/Sep/2025:12:15:18 -0300] "GET /prod/.env HTTP/1.1" 404 6901 "127.0.0.1" "Go-http-client/1.1"
179.43.161.130 179.43.161.130 - - [24/Sep/2025:12:15:19 -0300] "GET /redmine/.env HTTP/1.1" 404 6901 "127.0.0.1" "Go-http-client/1.1"
179.43.161.130 179.43.161.130 - - [24/Sep/2025:12:15:19 -0300] "GET /redmine/config/environment.rb HTTP/1.1" 404 6901 "127.0.0.1" "Go-http-client/1.1"
179.43.161.130 179.43.161.130 - - [24/Sep/2025:12:15:20 -0300] "GET /secrets.env HTTP/1.1" 404 6901 "127.0.0.1" "Go-http-client/1.1"
179.43.161.130 179.43.161.130 - - [24/Sep/2025:12:15:21 -0300] "GET /secrets/.env HTTP/1.1" 404 6901 "127.0.0.1" "Go-http-client/1.1"
179.43.161.130 179.43.161.130 - - [24/Sep/2025:12:15:21 -0300] "GET /secrets/.env.* HTTP/1.1" 404 6901 "127.0.0.1" "Go-http-client/1.1"
179.43.161.130 179.43.161.130 - - [24/Sep/2025:12:15:22 -0300] "GET /secure/.env HTTP/1.1" 404 6901 "127.0.0.1" "Go-http-client/1.1"
179.43.161.130 179.43.161.130 - - [24/Sep/2025:12:15:22 -0300] "GET /server/.env HTTP/1.1" 404 6901 "127.0.0.1" "Go-http-client/1.1"
179.43.161.130 179.43.161.130 - - [24/Sep/2025:12:15:23 -0300] "GET /settings/.env HTTP/1.1" 404 6901 "127.0.0.1" "Go-http-client/1.1"
179.43.161.130 179.43.161.130 - - [24/Sep/2025:12:15:24 -0300] "GET /settings/.env.* HTTP/1.1" 404 6901 "127.0.0.1" "Go-http-client/1.1"
179.43.161.130 179.43.161.130 - - [24/Sep/2025:12:15:24 -0300] "GET /silverstripe/.env HTTP/1.1" 404 6901 "127.0.0.1" "Go-http-client/1.1"
179.43.161.130 179.43.161.130 - - [24/Sep/2025:12:15:25 -0300] "GET /src/.env HTTP/1.1" 404 6901 "127.0.0.1" "Go-http-client/1.1"
179.43.161.130 179.43.161.130 - - [24/Sep/2025:12:15:26 -0300] "GET /staging/.env HTTP/1.1" 404 6901 "127.0.0.1" "Go-http-client/1.1"
179.43.161.130 179.43.161.130 - - [24/Sep/2025:12:15:26 -0300] "GET /storage/.env HTTP/1.1" 404 6901 "127.0.0.1" "Go-http-client/1.1"
179.43.161.130 179.43.161.130 - - [24/Sep/2025:12:15:27 -0300] "GET /system/.env HTTP/1.1" 404 6901 "127.0.0.1" "Go-http-client/1.1"
179.43.161.130 179.43.161.130 - - [24/Sep/2025:12:15:27 -0300] "GET /temp/.env HTTP/1.1" 404 6901 "127.0.0.1" "Go-http-client/1.1"
179.43.161.130 179.43.161.130 - - [24/Sep/2025:12:15:28 -0300] "GET /test/.env HTTP/1.1" 404 6901 "127.0.0.1" "Go-http-client/1.1"
179.43.161.130 179.43.161.130 - - [24/Sep/2025:12:15:29 -0300] "GET /vault/.env HTTP/1.1" 404 6901 "127.0.0.1" "Go-http-client/1.1"
179.43.161.130 179.43.161.130 - - [24/Sep/2025:12:15:29 -0300] "GET / HTTP/1.1" 200 9033 "127.0.0.1" "Go-http-client/1.1"
179.43.161.130 179.43.161.130 - - [24/Sep/2025:12:15:31 -0300] "GET /%E3%80%82env HTTP/1.1" 404 6901 "127.0.0.1" "Go-http-client/1.1"
179.43.161.130 179.43.161.130 - - [24/Sep/2025:12:15:32 -0300] "GET /%09%2Eenv HTTP/1.1" 404 6901 "127.0.0.1" "Go-http-client/1.1"
179.43.161.130 179.43.161.130 - - [24/Sep/2025:12:15:32 -0300] "GET /%09.env HTTP/1.1" 404 6901 "127.0.0.1" "Go-http-client/1.1"
179.43.161.130 179.43.161.130 - - [24/Sep/2025:12:15:33 -0300] "GET /%0A%2Eenv HTTP/1.1" 404 6901 "127.0.0.1" "Go-http-client/1.1"
179.43.161.130 179.43.161.130 - - [24/Sep/2025:12:15:33 -0300] "GET /%0A.env HTTP/1.1" 404 6901 "127.0.0.1" "Go-http-client/1.1"
179.43.161.130 179.43.161.130 - - [24/Sep/2025:12:15:34 -0300] "GET /%0D%0A%2Eenv HTTP/1.1" 404 6901 "127.0.0.1" "Go-http-client/1.1"
179.43.161.130 179.43.161.130 - - [24/Sep/2025:12:15:35 -0300] "GET /%0D%0A.env HTTP/1.1" 404 6901 "127.0.0.1" "Go-http-client/1.1"
179.43.161.130 179.43.161.130 - - [24/Sep/2025:12:15:35 -0300] "GET /%0D%2Eenv HTTP/1.1" 404 6901 "127.0.0.1" "Go-http-client/1.1"
179.43.161.130 179.43.161.130 - - [24/Sep/2025:12:15:36 -0300] "GET /%0D.env HTTP/1.1" 404 6901 "127.0.0.1" "Go-http-client/1.1"
179.43.161.130 179.43.161.130 - - [24/Sep/2025:12:15:36 -0300] "GET /%20%2Eenv HTTP/1.1" 404 6901 "127.0.0.1" "Go-http-client/1.1"
179.43.161.130 179.43.161.130 - - [24/Sep/2025:12:15:37 -0300] "GET /%20.env HTTP/1.1" 404 6901 "127.0.0.1" "Go-http-client/1.1"
179.43.161.130 179.43.161.130 - - [24/Sep/2025:12:15:38 -0300] "GET /%2Eenv HTTP/1.1" 404 6901 "127.0.0.1" "Go-http-client/1.1"
179.43.161.130 179.43.161.130 - - [24/Sep/2025:12:15:38 -0300] "GET /%2Eenv%2Eexample HTTP/1.1" 404 6901 "127.0.0.1" "Go-http-client/1.1"
179.43.161.130 179.43.161.130 - - [24/Sep/2025:12:15:39 -0300] "GET /%2Eenv%2Eold HTTP/1.1" 404 6901 "127.0.0.1" "Go-http-client/1.1"
179.43.161.130 179.43.161.130 - - [24/Sep/2025:12:15:40 -0300] "GET /%2Eenv.1 HTTP/1.1" 404 6901 "127.0.0.1" "Go-http-client/1.1"
179.43.161.130 179.43.161.130 - - [24/Sep/2025:12:15:40 -0300] "GET /%2Eenv1 HTTP/1.1" 404 6901 "127.0.0.1" "Go-http-client/1.1"
179.43.161.130 179.43.161.130 - - [24/Sep/2025:12:15:41 -0300] "GET /%2Eenv~ HTTP/1.1" 404 6901 "127.0.0.1" "Go-http-client/1.1"
179.43.161.130 179.43.161.130 - - [24/Sep/2025:12:15:42 -0300] "GET /%7F%2Eenv HTTP/1.1" 404 6901 "127.0.0.1" "Go-http-client/1.1"
179.43.161.130 179.43.161.130 - - [24/Sep/2025:12:15:43 -0300] "GET /%7F.env HTTP/1.1" 404 6901 "127.0.0.1" "Go-http-client/1.1"
179.43.161.130 179.43.161.130 - - [24/Sep/2025:12:15:44 -0300] "GET /.e%20nv HTTP/1.1" 404 6901 "127.0.0.1" "Go-http-client/1.1"
43.153.104.196 43.153.104.196 - - [24/Sep/2025:13:07:30 -0300] "GET / HTTP/1.1" 200 9089 "-" "Mozilla/5.0 (iPhone; CPU iPhone OS 13_2_3 like Mac OS X) AppleWebKit/605.1.15 (KHTML, like Gecko) Version/13.0.3 Mobile/15E148 Safari/604.1"
- 192.210.150.196 - - [24/Sep/2025:13:26:48 -0300] "GET / HTTP/1.1" 200 9047 "-" "Mozilla/5.0 (Windows NT 6.3; WOW64; Trident/7.0; Touch; MDDCJS; rv:11.0) like Gecko"
- 181.216.62.246 - - [24/Sep/2025:13:39:54 -0300] "GET / HTTP/1.1" 200 9047 "https://l.wl.co/" "Mozilla/5.0 (Linux; Android 10; K) AppleWebKit/537.36 (KHTML, like Gecko) SamsungBrowser/28.0 Chrome/130.0.0.0 Mobile Safari/537.36"
- 181.216.62.246 - - [24/Sep/2025:13:39:54 -0300] "GET /build/assets/app-e8a8ceaf.css HTTP/1.1" 200 52518 "https://armalegalfaspm.com/" "Mozilla/5.0 (Linux; Android 10; K) AppleWebKit/537.36 (KHTML, like Gecko) SamsungBrowser/28.0 Chrome/130.0.0.0 Mobile Safari/537.36"
- 181.216.62.246 - - [24/Sep/2025:13:39:54 -0300] "GET /build/assets/app-ffa2faf6.js HTTP/1.1" 200 101695 "https://armalegalfaspm.com/" "Mozilla/5.0 (Linux; Android 10; K) AppleWebKit/537.36 (KHTML, like Gecko) SamsungBrowser/28.0 Chrome/130.0.0.0 Mobile Safari/537.36"
- 181.216.62.246 - - [24/Sep/2025:13:39:55 -0300] "GET /Imgs/fas.png HTTP/1.1" 200 993335 "https://armalegalfaspm.com/" "Mozilla/5.0 (Linux; Android 10; K) AppleWebKit/537.36 (KHTML, like Gecko) SamsungBrowser/28.0 Chrome/130.0.0.0 Mobile Safari/537.36"
- 181.216.62.246 - - [24/Sep/2025:13:39:55 -0300] "GET /livewire/livewire.js?id=90730a3b0e7144480175 HTTP/1.1" 200 174819 "https://armalegalfaspm.com/" "Mozilla/5.0 (Linux; Android 10; K) AppleWebKit/537.36 (KHTML, like Gecko) SamsungBrowser/28.0 Chrome/130.0.0.0 Mobile Safari/537.36"
- 181.216.62.246 - - [24/Sep/2025:13:39:55 -0300] "GET /Imgs/body.jpg HTTP/1.1" 200 127155 "https://armalegalfaspm.com/" "Mozilla/5.0 (Linux; Android 10; K) AppleWebKit/537.36 (KHTML, like Gecko) SamsungBrowser/28.0 Chrome/130.0.0.0 Mobile Safari/537.36"
- 181.216.62.246 - - [24/Sep/2025:13:39:55 -0300] "GET /Imgs/fuzil.jpg HTTP/1.1" 200 788351 "https://armalegalfaspm.com/" "Mozilla/5.0 (Linux; Android 10; K) AppleWebKit/537.36 (KHTML, like Gecko) SamsungBrowser/28.0 Chrome/130.0.0.0 Mobile Safari/537.36"
- 181.216.62.246 - - [24/Sep/2025:13:39:56 -0300] "GET /Imgs/armaLegal.ico HTTP/1.1" 200 22820 "https://armalegalfaspm.com/" "Mozilla/5.0 (Linux; Android 10; K) AppleWebKit/537.36 (KHTML, like Gecko) SamsungBrowser/28.0 Chrome/130.0.0.0 Mobile Safari/537.36"
- 149.78.117.6 - - [24/Sep/2025:13:40:41 -0300] "GET /admin/listadearmas?page=5 HTTP/1.1" 302 398 "https://armalegalfaspm.com/admin/listadearmas?page=6" "Mozilla/5.0 (Windows NT 10.0; Win64; x64) AppleWebKit/537.36 (KHTML, like Gecko) Chrome/140.0.0.0 Safari/537.36"
- 149.78.117.6 - - [24/Sep/2025:13:40:42 -0300] "GET /admin/login HTTP/1.1" 200 5337 "https://armalegalfaspm.com/admin/listadearmas?page=6" "Mozilla/5.0 (Windows NT 10.0; Win64; x64) AppleWebKit/537.36 (KHTML, like Gecko) Chrome/140.0.0.0 Safari/537.36"
- 149.78.117.6 - - [24/Sep/2025:13:40:42 -0300] "GET /js/app.js HTTP/1.1" 404 6902 "https://armalegalfaspm.com/admin/login" "Mozilla/5.0 (Windows NT 10.0; Win64; x64) AppleWebKit/537.36 (KHTML, like Gecko) Chrome/140.0.0.0 Safari/537.36"
- 181.216.62.246 - - [24/Sep/2025:13:41:20 -0300] "GET /site/login?_token=V4h9aogJPStjPXSpGG4pP6mwFWOZZl7jYgtd4aCV&nome=Carlos+augusto+palheta+favacho&cpf=45019169234&matricula=5591392 HTTP/1.1" 302 406 "https://armalegalfaspm.com/" "Mozilla/5.0 (Linux; Android 10; K) AppleWebKit/537.36 (KHTML, like Gecko) SamsungBrowser/28.0 Chrome/130.0.0.0 Mobile Safari/537.36"
- 181.216.62.246 - - [24/Sep/2025:13:41:20 -0300] "GET /site/catalogo HTTP/1.1" 200 31294 "https://armalegalfaspm.com/" "Mozilla/5.0 (Linux; Android 10; K) AppleWebKit/537.36 (KHTML, like Gecko) SamsungBrowser/28.0 Chrome/130.0.0.0 Mobile Safari/537.36"
- 181.216.62.246 - - [24/Sep/2025:13:41:21 -0300] "GET /Imgs/gun-loading.png HTTP/1.1" 200 639 "https://armalegalfaspm.com/site/catalogo" "Mozilla/5.0 (Linux; Android 10; K) AppleWebKit/537.36 (KHTML, like Gecko) SamsungBrowser/28.0 Chrome/130.0.0.0 Mobile Safari/537.36"
- 181.216.62.246 - - [24/Sep/2025:13:41:21 -0300] "GET /Imgs/taurus.png HTTP/1.1" 200 19199 "https://armalegalfaspm.com/site/catalogo" "Mozilla/5.0 (Linux; Android 10; K) AppleWebKit/537.36 (KHTML, like Gecko) SamsungBrowser/28.0 Chrome/130.0.0.0 Mobile Safari/537.36"
- 181.216.62.246 - - [24/Sep/2025:13:41:21 -0300] "GET /Imgs/cbc.png HTTP/1.1" 200 13007 "https://armalegalfaspm.com/site/catalogo" "Mozilla/5.0 (Linux; Android 10; K) AppleWebKit/537.36 (KHTML, like Gecko) SamsungBrowser/28.0 Chrome/130.0.0.0 Mobile Safari/537.36"
- 181.216.62.246 - - [24/Sep/2025:13:41:21 -0300] "GET /Imgs/soldado.jpg HTTP/1.1" 200 466955 "https://armalegalfaspm.com/site/catalogo" "Mozilla/5.0 (Linux; Android 10; K) AppleWebKit/537.36 (KHTML, like Gecko) SamsungBrowser/28.0 Chrome/130.0.0.0 Mobile Safari/537.36"
- 181.216.62.246 - - [24/Sep/2025:13:41:21 -0300] "GET /Imgs/glock.png HTTP/1.1" 200 15298 "https://armalegalfaspm.com/site/catalogo" "Mozilla/5.0 (Linux; Android 10; K) AppleWebKit/537.36 (KHTML, like Gecko) SamsungBrowser/28.0 Chrome/130.0.0.0 Mobile Safari/537.36"
- 181.216.62.246 - - [24/Sep/2025:13:42:23 -0300] "GET /site/detalhe/98 HTTP/1.1" 200 13910 "https://armalegalfaspm.com/site/catalogo" "Mozilla/5.0 (Linux; Android 10; K) AppleWebKit/537.36 (KHTML, like Gecko) SamsungBrowser/28.0 Chrome/130.0.0.0 Mobile Safari/537.36"
- 149.78.117.6 - - [24/Sep/2025:13:42:25 -0300] "GET /site/login?_token=zNxks9572q6hWKHQZsTVFiC9qW0lTQ1H0Z3hBZwf&nome=ODENI+JOS%C3%89+DOS+SANTOS+LOPES&cpf=58770186200&matricula=5779472 HTTP/1.1" 302 406 "https://armalegalfaspm.com/" "Mozilla/5.0 (Windows NT 10.0; Win64; x64) AppleWebKit/537.36 (KHTML, like Gecko) Chrome/140.0.0.0 Safari/537.36"
- 149.78.117.6 - - [24/Sep/2025:13:42:25 -0300] "GET /site/catalogo HTTP/1.1" 200 31294 "https://armalegalfaspm.com/" "Mozilla/5.0 (Windows NT 10.0; Win64; x64) AppleWebKit/537.36 (KHTML, like Gecko) Chrome/140.0.0.0 Safari/537.36"
- 149.78.117.6 - - [24/Sep/2025:13:42:26 -0300] "GET /Imgs/gun-loading.png HTTP/1.1" 200 639 "https://armalegalfaspm.com/site/catalogo" "Mozilla/5.0 (Windows NT 10.0; Win64; x64) AppleWebKit/537.36 (KHTML, like Gecko) Chrome/140.0.0.0 Safari/537.36"
- 216.73.216.24 - - [24/Sep/2025:13:42:41 -0300] "GET /robots.txt HTTP/1.1" 200 24 "-" "Mozilla/5.0 AppleWebKit/537.36 (KHTML, like Gecko; compatible; ClaudeBot/1.0; +claudebot@anthropic.com)"
- 216.73.216.24 - - [24/Sep/2025:13:42:41 -0300] "GET /sitemap.xml HTTP/1.1" 404 6902 "-" "Mozilla/5.0 AppleWebKit/537.36 (KHTML, like Gecko; compatible; ClaudeBot/1.0; +claudebot@anthropic.com)"
- 149.78.117.6 - - [24/Sep/2025:13:42:43 -0300] "GET /site/detalhe/101 HTTP/1.1" 200 13899 "https://armalegalfaspm.com/site/catalogo" "Mozilla/5.0 (Windows NT 10.0; Win64; x64) AppleWebKit/537.36 (KHTML, like Gecko) Chrome/140.0.0.0 Safari/537.36"
- 181.216.62.246 - - [24/Sep/2025:13:42:50 -0300] "GET /site/detalhe/114 HTTP/1.1" 200 13849 "https://armalegalfaspm.com/site/catalogo" "Mozilla/5.0 (Linux; Android 10; K) AppleWebKit/537.36 (KHTML, like Gecko) SamsungBrowser/28.0 Chrome/130.0.0.0 Mobile Safari/537.36"
- 181.216.62.246 - - [24/Sep/2025:13:44:22 -0300] "GET /site/detalhe/101 HTTP/1.1" 200 13899 "https://armalegalfaspm.com/site/catalogo" "Mozilla/5.0 (Linux; Android 10; K) AppleWebKit/537.36 (KHTML, like Gecko) SamsungBrowser/28.0 Chrome/130.0.0.0 Mobile Safari/537.36"
- 181.216.62.246 - - [24/Sep/2025:13:44:56 -0300] "GET /site/detalhe/10 HTTP/1.1" 200 13922 "https://armalegalfaspm.com/site/catalogo" "Mozilla/5.0 (Linux; Android 10; K) AppleWebKit/537.36 (KHTML, like Gecko) SamsungBrowser/28.0 Chrome/130.0.0.0 Mobile Safari/537.36"
- 149.78.117.6 - - [24/Sep/2025:13:45:31 -0300] "GET /site/simulador/101 HTTP/1.1" 200 17404 "https://armalegalfaspm.com/site/detalhe/101" "Mozilla/5.0 (Windows NT 10.0; Win64; x64) AppleWebKit/537.36 (KHTML, like Gecko) Chrome/140.0.0.0 Safari/537.36"
- 149.78.117.6 - - [24/Sep/2025:13:45:59 -0300] "POST /site/autorizacao HTTP/1.1" 200 18231 "https://armalegalfaspm.com/site/simulador/101" "Mozilla/5.0 (Windows NT 10.0; Win64; x64) AppleWebKit/537.36 (KHTML, like Gecko) Chrome/140.0.0.0 Safari/537.36"
- 149.78.117.6 - - [24/Sep/2025:13:46:04 -0300] "POST /site/atualizarAssociado HTTP/1.1" 200 11288 "https://armalegalfaspm.com/site/autorizacao" "Mozilla/5.0 (Windows NT 10.0; Win64; x64) AppleWebKit/537.36 (KHTML, like Gecko) Chrome/140.0.0.0 Safari/537.36"
- 149.78.117.6 - - [24/Sep/2025:13:46:04 -0300] "GET /Imgs/brasao.png HTTP/1.1" 200 55569 "https://armalegalfaspm.com/site/atualizarAssociado" "Mozilla/5.0 (Windows NT 10.0; Win64; x64) AppleWebKit/537.36 (KHTML, like Gecko) Chrome/140.0.0.0 Safari/537.36"
- 181.216.62.246 - - [24/Sep/2025:13:48:39 -0300] "GET /site/detalhe/115 HTTP/1.1" 200 13912 "https://armalegalfaspm.com/site/catalogo" "Mozilla/5.0 (Linux; Android 10; K) AppleWebKit/537.36 (KHTML, like Gecko) SamsungBrowser/28.0 Chrome/130.0.0.0 Mobile Safari/537.36"
- 181.216.62.246 - - [24/Sep/2025:13:48:57 -0300] "GET /site/login?_token=V4h9aogJPStjPXSpGG4pP6mwFWOZZl7jYgtd4aCV&nome=Carlos+augusto+palheta+favacho&cpf=45019169234&matricula=5591392 HTTP/1.1" 302 406 "https://armalegalfaspm.com/" "Mozilla/5.0 (Linux; Android 10; K) AppleWebKit/537.36 (KHTML, like Gecko) SamsungBrowser/28.0 Chrome/130.0.0.0 Mobile Safari/537.36"
- 181.216.62.246 - - [24/Sep/2025:13:48:58 -0300] "GET /site/catalogo HTTP/1.1" 200 31294 "https://armalegalfaspm.com/" "Mozilla/5.0 (Linux; Android 10; K) AppleWebKit/537.36 (KHTML, like Gecko) SamsungBrowser/28.0 Chrome/130.0.0.0 Mobile Safari/537.36"
162.62.213.187 162.62.213.187 - - [24/Sep/2025:14:10:23 -0300] "GET / HTTP/1.1" 200 9033 "-" "Mozilla/5.0 (iPhone; CPU iPhone OS 13_2_3 like Mac OS X) AppleWebKit/605.1.15 (KHTML, like Gecko) Version/13.0.3 Mobile/15E148 Safari/604.1"
49.51.243.95 49.51.243.95 - - [24/Sep/2025:14:25:08 -0300] "GET /site/login HTTP/1.1" 302 346 "-" "Mozilla/5.0 (iPhone; CPU iPhone OS 13_2_3 like Mac OS X) AppleWebKit/605.1.15 (KHTML, like Gecko) Version/13.0.3 Mobile/15E148 Safari/604.1"
49.51.243.95 49.51.243.95 - - [24/Sep/2025:14:25:11 -0300] "GET / HTTP/1.1" 200 9033 "http://armalegalfaspm.com/site/login" "Mozilla/5.0 (iPhone; CPU iPhone OS 13_2_3 like Mac OS X) AppleWebKit/605.1.15 (KHTML, like Gecko) Version/13.0.3 Mobile/15E148 Safari/604.1"
- 149.78.117.6 - - [24/Sep/2025:15:19:50 -0300] "GET /site/infor HTTP/1.1" 302 350 "https://armalegalfaspm.com/site/catalogo" "Mozilla/5.0 (Windows NT 10.0; Win64; x64) AppleWebKit/537.36 (KHTML, like Gecko) Chrome/140.0.0.0 Safari/537.36"
- 149.78.117.6 - - [24/Sep/2025:15:19:51 -0300] "GET / HTTP/1.1" 200 9047 "https://armalegalfaspm.com/site/catalogo" "Mozilla/5.0 (Windows NT 10.0; Win64; x64) AppleWebKit/537.36 (KHTML, like Gecko) Chrome/140.0.0.0 Safari/537.36"
- 138.204.143.6 - - [24/Sep/2025:15:19:56 -0300] "GET /site/infor HTTP/1.1" 302 350 "https://www.google.com/" "Mozilla/5.0 (Windows NT 10.0; Win64; x64) AppleWebKit/537.36 (KHTML, like Gecko) Chrome/109.0.0.0 Safari/537.36"
- 138.204.143.6 - - [24/Sep/2025:15:19:56 -0300] "GET / HTTP/1.1" 200 9047 "https://www.google.com/" "Mozilla/5.0 (Windows NT 10.0; Win64; x64) AppleWebKit/537.36 (KHTML, like Gecko) Chrome/109.0.0.0 Safari/537.36"
- 138.204.143.6 - - [24/Sep/2025:15:19:57 -0300] "GET /build/assets/app-e8a8ceaf.css HTTP/1.1" 200 52518 "https://armalegalfaspm.com/" "Mozilla/5.0 (Windows NT 10.0; Win64; x64) AppleWebKit/537.36 (KHTML, like Gecko) Chrome/109.0.0.0 Safari/537.36"
- 138.204.143.6 - - [24/Sep/2025:15:19:57 -0300] "GET /build/assets/app-ffa2faf6.js HTTP/1.1" 200 101695 "-" "Mozilla/5.0 (Windows NT 10.0; Win64; x64) AppleWebKit/537.36 (KHTML, like Gecko) Chrome/109.0.0.0 Safari/537.36"
- 138.204.143.6 - - [24/Sep/2025:15:19:58 -0300] "GET /livewire/livewire.js?id=90730a3b0e7144480175 HTTP/1.1" 200 174819 "https://armalegalfaspm.com/" "Mozilla/5.0 (Windows NT 10.0; Win64; x64) AppleWebKit/537.36 (KHTML, like Gecko) Chrome/109.0.0.0 Safari/537.36"
- 138.204.143.6 - - [24/Sep/2025:15:19:58 -0300] "GET /Imgs/fuzil.jpg HTTP/1.1" 200 788351 "https://armalegalfaspm.com/" "Mozilla/5.0 (Windows NT 10.0; Win64; x64) AppleWebKit/537.36 (KHTML, like Gecko) Chrome/109.0.0.0 Safari/537.36"
- 138.204.143.6 - - [24/Sep/2025:15:19:58 -0300] "GET /Imgs/fas.png HTTP/1.1" 200 993335 "https://armalegalfaspm.com/" "Mozilla/5.0 (Windows NT 10.0; Win64; x64) AppleWebKit/537.36 (KHTML, like Gecko) Chrome/109.0.0.0 Safari/537.36"
- 138.204.143.6 - - [24/Sep/2025:15:20:00 -0300] "GET /Imgs/body.jpg HTTP/1.1" 200 127155 "https://armalegalfaspm.com/" "Mozilla/5.0 (Windows NT 10.0; Win64; x64) AppleWebKit/537.36 (KHTML, like Gecko) Chrome/109.0.0.0 Safari/537.36"
- 149.78.117.6 - - [24/Sep/2025:15:21:06 -0300] "GET /site/login?_token=d3wQBHbO1IqSjQ5QCTEW7wTgrwFUs4t4ZQDRdh6a&nome=ODENI+JOSE+DOS+SANTOS+LOPES&cpf=58770186200&matricula=5779472 HTTP/1.1" 302 406 "https://armalegalfaspm.com/" "Mozilla/5.0 (Windows NT 10.0; Win64; x64) AppleWebKit/537.36 (KHTML, like Gecko) Chrome/140.0.0.0 Safari/537.36"
- 149.78.117.6 - - [24/Sep/2025:15:21:07 -0300] "GET /site/catalogo HTTP/1.1" 200 31294 "https://armalegalfaspm.com/" "Mozilla/5.0 (Windows NT 10.0; Win64; x64) AppleWebKit/537.36 (KHTML, like Gecko) Chrome/140.0.0.0 Safari/537.36"
- 149.78.117.6 - - [24/Sep/2025:15:21:11 -0300] "GET /site/infor HTTP/1.1" 200 21444 "https://armalegalfaspm.com/site/catalogo" "Mozilla/5.0 (Windows NT 10.0; Win64; x64) AppleWebKit/537.36 (KHTML, like Gecko) Chrome/140.0.0.0 Safari/537.36"
- 149.78.117.6 - - [24/Sep/2025:15:21:11 -0300] "GET /Imgs/capa-infor.jpg HTTP/1.1" 200 489576 "https://armalegalfaspm.com/site/infor" "Mozilla/5.0 (Windows NT 10.0; Win64; x64) AppleWebKit/537.36 (KHTML, like Gecko) Chrome/140.0.0.0 Safari/537.36"
- 122.161.186.52 - - [24/Sep/2025:15:22:48 -0300] "POST /xmlrpc.php HTTP/1.1" 404 6902 "-" "Mozilla/5.0 (Macintosh; Intel Mac OS X 10_15_7; x86) AppleWebKit/537.36 (KHTML, like Gecko) Chrome/83.0.0.0 Safari/537.36"
- 181.214.196.155 - - [24/Sep/2025:15:22:59 -0300] "POST /xmlrpc.php HTTP/1.1" 404 6902 "-" "Mozilla/5.0 (Windows NT 10.0; Win64; x64) AppleWebKit/537.36 (KHTML, like Gecko) Chrome/91.0.4472.124 Safari/537.36"
- 216.73.216.18 - - [24/Sep/2025:15:33:50 -0300] "GET /robots.txt HTTP/1.1" 200 24 "-" "Mozilla/5.0 AppleWebKit/537.36 (KHTML, like Gecko; compatible; ClaudeBot/1.0; +claudebot@anthropic.com)"
- 216.73.216.18 - - [24/Sep/2025:15:33:51 -0300] "GET /sitemap.xml HTTP/1.1" 404 6902 "-" "Mozilla/5.0 AppleWebKit/537.36 (KHTML, like Gecko; compatible; ClaudeBot/1.0; +claudebot@anthropic.com)"
- 216.73.216.18 - - [24/Sep/2025:15:49:32 -0300] "GET /sitemap.xml HTTP/1.1" 404 6902 "-" "Mozilla/5.0 AppleWebKit/537.36 (KHTML, like Gecko; compatible; ClaudeBot/1.0; +claudebot@anthropic.com)"
- 94.103.93.19 - - [24/Sep/2025:16:32:22 -0300] "GET / HTTP/1.1" 200 9047 "-" "Mozilla/5.0 (Macintosh; Intel Mac OS X 10_15_7) AppleWebKit/537.36 (KHTML, like Gecko) Chrome/133.0.0.0 Safari/537.36"
- 149.78.117.6 - - [24/Sep/2025:16:46:41 -0300] "GET / HTTP/1.1" 200 9103 "https://www.google.com/" "Mozilla/5.0 (Windows NT 10.0; Win64; x64) AppleWebKit/537.36 (KHTML, like Gecko) Chrome/140.0.0.0 Safari/537.36"
- 149.78.117.6 - - [24/Sep/2025:16:46:42 -0300] "GET /build/assets/app-e8a8ceaf.css HTTP/1.1" 200 52518 "https://www.armalegalfaspm.com/" "Mozilla/5.0 (Windows NT 10.0; Win64; x64) AppleWebKit/537.36 (KHTML, like Gecko) Chrome/140.0.0.0 Safari/537.36"
- 149.78.117.6 - - [24/Sep/2025:16:46:42 -0300] "GET /build/assets/app-ffa2faf6.js HTTP/1.1" 200 101695 "https://www.armalegalfaspm.com/" "Mozilla/5.0 (Windows NT 10.0; Win64; x64) AppleWebKit/537.36 (KHTML, like Gecko) Chrome/140.0.0.0 Safari/537.36"
- 149.78.117.6 - - [24/Sep/2025:16:46:42 -0300] "GET /livewire/livewire.js?id=90730a3b0e7144480175 HTTP/1.1" 200 174819 "https://www.armalegalfaspm.com/" "Mozilla/5.0 (Windows NT 10.0; Win64; x64) AppleWebKit/537.36 (KHTML, like Gecko) Chrome/140.0.0.0 Safari/537.36"
- 149.78.117.6 - - [24/Sep/2025:16:46:43 -0300] "GET /Imgs/body.jpg HTTP/1.1" 200 127155 "https://www.armalegalfaspm.com/" "Mozilla/5.0 (Windows NT 10.0; Win64; x64) AppleWebKit/537.36 (KHTML, like Gecko) Chrome/140.0.0.0 Safari/537.36"
- 149.78.117.6 - - [24/Sep/2025:16:46:42 -0300] "GET /Imgs/fuzil.jpg HTTP/1.1" 200 788351 "https://www.armalegalfaspm.com/" "Mozilla/5.0 (Windows NT 10.0; Win64; x64) AppleWebKit/537.36 (KHTML, like Gecko) Chrome/140.0.0.0 Safari/537.36"
